// Jest Snapshot v1, https://goo.gl/fbAQLP

exports[`Button component Matches the snapshot 1`] = `
<button
  className="primary md"
  disabled={null}
  type="button"
>
  test
</button>
`;
